// Jest Snapshot v1, https://goo.gl/fbAQLP

exports[`Pruebas NoteScreen Debe mostrarse correctamente 1`] = `
<div
  className="note__main-content"
>
  <div
    className="note__app-bar"
  >
    <span>
      28 agosto 2020
    </span>
    <input
      id="fileSelector"
      name="file"
      onChange={[Function]}
      style={
        Object {
          "display": "none",
        }
      }
      type="file"
    />
    <div>
      <button
        className="btn"
        onClick={[Function]}
      >
        Picture
      </button>
      <button
        className="btn"
        onClick={[Function]}
      >
        Save
      </button>
    </div>
  </div>
  <div
    className="note__content"
  >
    <input
      autoComplete="off"
      className="note__title-input"
      name="title"
      onChange={[Function]}
      placeholder="Input"
      type="text"
      value="Hola mundo"
    />
    <textarea
      className="note__textarea"
      name="body"
      onChange={[Function]}
      placeholder="Escribe aquÃ­"
      value="Soy el cuerpo"
    />
  </div>
  <div
    className="btn btn-danger"
    onClick={[Function]}
  >
    Delete
  </div>
</div>
`;
