// Jest Snapshot v1, https://goo.gl/fbAQLP

exports[`Pruebas <Sidebar /> Debe de mostrarse correctamente 1`] = `
<aside
  className="journal__sidebar"
>
  <div
    className="journal__sidebar-navbar"
  >
    <h3
      className="mt-2"
    >
      <li
        className="far fa-moon"
      />
      <span>
        Elena
      </span>
    </h3>
    <button
      className="btn"
      onClick={[Function]}
    >
      Logout
    </button>
  </div>
  <div
    className="journal__new-entry"
    onClick={[Function]}
  >
    <li
      className="far fa-calendar-plus fa-5x"
    />
    <p
      className="mt-2"
    >
      New entry
    </p>
  </div>
  <div
    className="journal__entries"
  />
</aside>
`;
